I'm sorry, but errors were detected in your script. Please correct the
errors listed below, and try again.


File "game/route_reagents.rpy", line 211: expected 'image_name_component' not found.
    hide 
         ^

Ren'Py Version: Ren'Py 8.3.7.25031702
Sat May 31 16:45:37 2025
